[19:39:52.375] [INFO] Storybook upgrade - v10.3.0
[19:39:52.378] [INFO] detect-projects-spinner-start: Detecting projects...
[19:39:52.378] [DEBUG] Finding Storybook projects...
[19:39:52.447] [DEBUG] Found 1 Storybook projects
[19:39:52.448] [INFO] detect-projects-spinner: Detecting projects: 1 projects
[19:39:52.448] [DEBUG] Getting Storybook data...
[19:39:52.448] [DEBUG] Getting Storybook info...
[19:39:52.502] [DEBUG] Loading main config...
[19:39:52.502] [DEBUG] Getting stories paths...
[19:39:52.512] [DEBUG] Getting package manager...
[19:39:52.621] [DEBUG] Getting package.json info for /Users/danilo.prado/Documents/Cursor/thelocker-storybook/package.json...
[19:39:52.621] [DEBUG] Getting Storybook version...
[19:39:52.622] [DEBUG] Detecting CSF factory usage...
[19:39:52.639] [DEBUG] /.storybook - Validating before version... 8.6.17
[19:39:52.639] [DEBUG] /.storybook - Validating upgrade compatibility...
[19:39:52.639] [DEBUG] /.storybook - Fetching NPM version information...
[19:39:52.639] [DEBUG] Getting CLI versions from NPM for storybook...
[19:39:52.639] [DEBUG] Executing command: npm info storybook version
[19:39:52.643] [DEBUG] Getting CLI versions from NPM for storybook@next...
[19:39:52.643] [DEBUG] Executing command: npm info storybook@next version
[19:39:53.124] [DEBUG] /.storybook - Evaluating blockers...
[19:39:53.130] [DEBUG] Getting installed version for @storybook/experimental-addon-test...
[19:39:53.130] [DEBUG] Executing command: npm ls --json --depth=99 2>/dev/null
[19:39:53.382] [DEBUG] Executing command: npm ls --json --depth=0 2>/dev/null
[19:39:53.603] [DEBUG] Error finding installations for @storybook/experimental-addon-test: ExecaError: Command failed with exit code 1: npm ls --json '--depth=0' '2>/dev/null'

{
  "version": "0.1.0",
  "name": "thelocker-storybook"
}
[19:39:53.603] [DEBUG] No installations found for @storybook/experimental-addon-test
[19:39:53.603] [INFO] detect-projects-spinner-stop: 1 project detected
[19:39:53.604] [DEBUG] Found 1 valid projects and 0 error projects
[19:39:53.604] [INFO] Upgrading from [1m8.6.17[22m to [1m10.3.0[22m
[19:39:53.605] [ERROR] Blockers detected

Storybook has found potential blockers that need to be resolved before upgrading:

[33mMajor Version Gap Detected[39m

Your Storybook version (v8.6.17) is more than one major version behind the target release (v10.3.0). Please upgrade one major version at a time.

You can upgrade to version 9 by running:
[36mnpx storybook@9 upgrade[39m

Affected projects: /.storybook

More information: https://storybook.js.org/docs/9/migration-guide?ref=upgrade

---

After addressing this, you can try running the upgrade command again. You can also rerun the upgrade command with the [36m--force[39m flag to skip the blocker check and to proceed with the upgrade.
[19:39:53.609] [INFO] Storybook collects completely anonymous usage telemetry. We use it to shape Storybook's roadmap and prioritize features. You can learn more, including how to opt out, at https://storybook.js.org/telemetry